[marking 0x28b152cda3e1 <JSFunction dummy (sfi = 0xaa76b2b8509)> for optimization to TURBOFAN, ConcurrencyMode::kConcurrent, reason: hot and stable]
[compiling method 0x28b152cda3e1 <JSFunction dummy (sfi = 0xaa76b2b8509)> (target TURBOFAN) OSR, mode: ConcurrencyMode::kConcurrent]
[completed compiling 0x28b152cda3e1 <JSFunction dummy (sfi = 0xaa76b2b8509)> (target TURBOFAN) OSR - took 0.069, 3.895, 0.053 ms]
[completed optimizing 0x28b152cda3e1 <JSFunction dummy (sfi = 0xaa76b2b8509)> (target TURBOFAN) OSR]
[bailout (kind: deopt-eager, reason: not a Smi): begin. deoptimizing 0x28b152cda3e1 <JSFunction dummy (sfi = 0xaa76b2b8509)>, 0x1d40074d14a1 <Code TURBOFAN>, opt id 0, bytecode offset 8, deopt exit 2, FP to SP delta 104, caller SP 0x7fffab15f840, pc 0x7fa434013d68]
[compiling method 0x28b152cda3e1 <JSFunction dummy (sfi = 0xaa76b2b8509)> (target TURBOFAN) OSR, mode: ConcurrencyMode::kConcurrent]
[completed compiling 0x08b4fe6c3771 <JSFunction dummy (sfi = 0xaa76b2b8509)> (target TURBOFAN) OSR - took 0.017, 3.548, 0.082 ms]
[completed optimizing 0x08b4fe6c3771 <JSFunction dummy (sfi = 0xaa76b2b8509)> (target TURBOFAN) OSR]
[marking 0x08b4fe6c3771 <JSFunction dummy (sfi = 0xaa76b2b8509)> for optimization to TURBOFAN, ConcurrencyMode::kConcurrent, reason: hot and stable]
Dummy warmup:: Duration: 51.285, Warm-up: 111.224, Result: 49999995000000
[marking 0x3b53e6bc5b41 <JSFunction umul32dw (sfi = 0x3b53e6bc1971)> for optimization to TURBOFAN, ConcurrencyMode::kConcurrent, reason: hot and stable]
[compiling method 0x3b53e6bc5b41 <JSFunction umul32dw (sfi = 0x3b53e6bc1971)> (target TURBOFAN), mode: ConcurrencyMode::kConcurrent]
[marking 0x310e4ec63bc9 <JSFunction b16x2 (sfi = 0xaa76b2b8561)> for optimization to TURBOFAN, ConcurrencyMode::kConcurrent, reason: hot and stable]
[completed compiling 0x3b53e6bc5b41 <JSFunction umul32dw (sfi = 0x3b53e6bc1971)> (target TURBOFAN) - took 0.022, 4.083, 0.073 ms]
[completed optimizing 0x3b53e6bc5b41 <JSFunction umul32dw (sfi = 0x3b53e6bc1971)> (target TURBOFAN)]
[compiling method 0x2e8427d811c1 <JSFunction b16x2 (sfi = 0xaa76b2b8561)> (target TURBOFAN) OSR, mode: ConcurrencyMode::kConcurrent]
[completed compiling 0x15683564e4c9 <JSFunction b16x2 (sfi = 0xaa76b2b8561)> (target TURBOFAN) OSR - took 0.019, 7.165, 0.084 ms]
[completed optimizing 0x15683564e4c9 <JSFunction b16x2 (sfi = 0xaa76b2b8561)> (target TURBOFAN) OSR]
[bailout (kind: deopt-eager, reason: Insufficient type feedback for call): begin. deoptimizing 0x15683564e4c9 <JSFunction b16x2 (sfi = 0xaa76b2b8561)>, 0x1d40074dad01 <Code TURBOFAN>, opt id 3, bytecode offset 49, deopt exit 3, FP to SP delta 144, caller SP 0x7fffab15f840, pc 0x7fa43401528a]
[bailout (kind: deopt-eager, reason: Insufficient type feedback for call): begin. deoptimizing 0x15683564e4c9 <JSFunction b16x2 (sfi = 0xaa76b2b8561)>, 0x1d40074dad01 <Code TURBOFAN>, opt id 3, bytecode offset 49, deopt exit 3, FP to SP delta 144, caller SP 0x7fffab15f840, pc 0x7fa43401528a]
[bailout (kind: deopt-eager, reason: Insufficient type feedback for call): begin. deoptimizing 0x15683564e4c9 <JSFunction b16x2 (sfi = 0xaa76b2b8561)>, 0x1d40074dad01 <Code TURBOFAN>, opt id 3, bytecode offset 49, deopt exit 3, FP to SP delta 144, caller SP 0x7fffab15f840, pc 0x7fa43401528a]
16x2:: Duration: 652.301, Warm-up: 1302.856, Result: 1fd5107fe2bc8601
[marking 0x3b53e6bc5871 <JSFunction umul32dw (sfi = 0xaa76b2bf911)> for optimization to TURBOFAN, ConcurrencyMode::kConcurrent, reason: hot and stable]
[compiling method 0x3b53e6bc5871 <JSFunction umul32dw (sfi = 0xaa76b2bf911)> (target TURBOFAN), mode: ConcurrencyMode::kConcurrent]
[marking 0x08b4fe6c1171 <JSFunction b16x1 (sfi = 0xaa76b2b85b9)> for optimization to TURBOFAN, ConcurrencyMode::kConcurrent, reason: hot and stable]
[compiling method 0x2dd3b40abc49 <JSFunction b16x1 (sfi = 0xaa76b2b85b9)> (target TURBOFAN) OSR, mode: ConcurrencyMode::kConcurrent]
[completed compiling 0x3b53e6bc5871 <JSFunction umul32dw (sfi = 0xaa76b2bf911)> (target TURBOFAN) - took 0.021, 3.736, 0.056 ms]
[completed optimizing 0x3b53e6bc5871 <JSFunction umul32dw (sfi = 0xaa76b2bf911)> (target TURBOFAN)]
[completed compiling 0x2dd3b40abc49 <JSFunction b16x1 (sfi = 0xaa76b2b85b9)> (target TURBOFAN) OSR - took 0.056, 6.765, 0.067 ms]
[completed optimizing 0x2dd3b40abc49 <JSFunction b16x1 (sfi = 0xaa76b2b85b9)> (target TURBOFAN) OSR]
[bailout (kind: deopt-eager, reason: Insufficient type feedback for call): begin. deoptimizing 0x2dd3b40abc49 <JSFunction b16x1 (sfi = 0xaa76b2b85b9)>, 0x1d40074db951 <Code TURBOFAN>, opt id 5, bytecode offset 49, deopt exit 3, FP to SP delta 152, caller SP 0x7fffab15f840, pc 0x7fa434017097]
[bailout (kind: deopt-eager, reason: Insufficient type feedback for call): begin. deoptimizing 0x2dd3b40abc49 <JSFunction b16x1 (sfi = 0xaa76b2b85b9)>, 0x1d40074db951 <Code TURBOFAN>, opt id 5, bytecode offset 49, deopt exit 3, FP to SP delta 152, caller SP 0x7fffab15f840, pc 0x7fa434017097]
[bailout (kind: deopt-eager, reason: Insufficient type feedback for call): begin. deoptimizing 0x2dd3b40abc49 <JSFunction b16x1 (sfi = 0xaa76b2b85b9)>, 0x1d40074db951 <Code TURBOFAN>, opt id 5, bytecode offset 49, deopt exit 3, FP to SP delta 152, caller SP 0x7fffab15f840, pc 0x7fa434017097]
16x1:: Duration: 708.995, Warm-up: 1482.890, Result: 1fd5107fe2bc8601
[marking 0x3b53e6bc59d9 <JSFunction umul32dw (sfi = 0x20555edbff79)> for optimization to TURBOFAN, ConcurrencyMode::kConcurrent, reason: hot and stable]
[compiling method 0x3b53e6bc59d9 <JSFunction umul32dw (sfi = 0x20555edbff79)> (target TURBOFAN), mode: ConcurrencyMode::kConcurrent]
[marking 0x08b4fe6c1181 <JSFunction b16x1i (sfi = 0xaa76b2b8611)> for optimization to TURBOFAN, ConcurrencyMode::kConcurrent, reason: hot and stable]
[compiling method 0x2dd3b40ac779 <JSFunction b16x1i (sfi = 0xaa76b2b8611)> (target TURBOFAN) OSR, mode: ConcurrencyMode::kConcurrent]
[completed compiling 0x3b53e6bc59d9 <JSFunction umul32dw (sfi = 0x20555edbff79)> (target TURBOFAN) - took 0.055, 3.246, 0.063 ms]
[completed optimizing 0x3b53e6bc59d9 <JSFunction umul32dw (sfi = 0x20555edbff79)> (target TURBOFAN)]
[completed compiling 0x2dd3b40ac779 <JSFunction b16x1i (sfi = 0xaa76b2b8611)> (target TURBOFAN) OSR - took 0.069, 5.637, 0.097 ms]
[completed optimizing 0x2dd3b40ac779 <JSFunction b16x1i (sfi = 0xaa76b2b8611)> (target TURBOFAN) OSR]
[bailout (kind: deopt-eager, reason: Insufficient type feedback for call): begin. deoptimizing 0x2dd3b40ac779 <JSFunction b16x1i (sfi = 0xaa76b2b8611)>, 0x1d40074dc291 <Code TURBOFAN>, opt id 7, bytecode offset 49, deopt exit 3, FP to SP delta 152, caller SP 0x7fffab15f840, pc 0x7fa434018280]
[bailout (kind: deopt-eager, reason: Insufficient type feedback for call): begin. deoptimizing 0x2dd3b40ac779 <JSFunction b16x1i (sfi = 0xaa76b2b8611)>, 0x1d40074dc291 <Code TURBOFAN>, opt id 7, bytecode offset 49, deopt exit 3, FP to SP delta 152, caller SP 0x7fffab15f840, pc 0x7fa434018280]
[bailout (kind: deopt-eager, reason: Insufficient type feedback for call): begin. deoptimizing 0x2dd3b40ac779 <JSFunction b16x1i (sfi = 0xaa76b2b8611)>, 0x1d40074dc291 <Code TURBOFAN>, opt id 7, bytecode offset 49, deopt exit 3, FP to SP delta 152, caller SP 0x7fffab15f840, pc 0x7fa434018280]
16x1i:: Duration: 654.127, Warm-up: 1072.558, Result: 1fd5107fe2bc8601
[marking 0x3b53e6bc5ca9 <JSFunction umul32dw (sfi = 0x3b53e6bc20c1)> for optimization to TURBOFAN, ConcurrencyMode::kConcurrent, reason: hot and stable]
[compiling method 0x3b53e6bc5ca9 <JSFunction umul32dw (sfi = 0x3b53e6bc20c1)> (target TURBOFAN), mode: ConcurrencyMode::kConcurrent]
[marking 0x08b4fe6c1191 <JSFunction b16x2i (sfi = 0xaa76b2b8669)> for optimization to TURBOFAN, ConcurrencyMode::kConcurrent, reason: hot and stable]
[compiling method 0x08b4fe6c1191 <JSFunction b16x2i (sfi = 0xaa76b2b8669)> (target TURBOFAN) OSR, mode: ConcurrencyMode::kConcurrent]
[completed compiling 0x3b53e6bc5ca9 <JSFunction umul32dw (sfi = 0x3b53e6bc20c1)> (target TURBOFAN) - took 0.073, 2.993, 0.048 ms]
[completed optimizing 0x3b53e6bc5ca9 <JSFunction umul32dw (sfi = 0x3b53e6bc20c1)> (target TURBOFAN)]
[completed compiling 0x2dd3b40ad5e1 <JSFunction b16x2i (sfi = 0xaa76b2b8669)> (target TURBOFAN) OSR - took 0.052, 5.576, 0.056 ms]
[completed optimizing 0x2dd3b40ad5e1 <JSFunction b16x2i (sfi = 0xaa76b2b8669)> (target TURBOFAN) OSR]
[bailout (kind: deopt-eager, reason: Insufficient type feedback for call): begin. deoptimizing 0x2dd3b40ad5e1 <JSFunction b16x2i (sfi = 0xaa76b2b8669)>, 0x1d40074dcc09 <Code TURBOFAN>, opt id 9, bytecode offset 49, deopt exit 3, FP to SP delta 136, caller SP 0x7fffab15f840, pc 0x7fa434019266]
[bailout (kind: deopt-eager, reason: Insufficient type feedback for call): begin. deoptimizing 0x2dd3b40ad5e1 <JSFunction b16x2i (sfi = 0xaa76b2b8669)>, 0x1d40074dcc09 <Code TURBOFAN>, opt id 9, bytecode offset 49, deopt exit 3, FP to SP delta 136, caller SP 0x7fffab15f840, pc 0x7fa434019266]
[bailout (kind: deopt-eager, reason: Insufficient type feedback for call): begin. deoptimizing 0x2dd3b40ad5e1 <JSFunction b16x2i (sfi = 0xaa76b2b8669)>, 0x1d40074dcc09 <Code TURBOFAN>, opt id 9, bytecode offset 49, deopt exit 3, FP to SP delta 136, caller SP 0x7fffab15f840, pc 0x7fa434019266]
16x2i:: Duration: 547.005, Warm-up: 1141.428, Result: 1fd5107fe2bc8601
