[Info] After `const r = new Uint32Array(2);` in `createWmulRunner`

[Running] node "/Stuff/GSoC/intx/src/u32/wmul/candidates/showdown.js"

====================================================================================================
 u32.wmul: Grand Candidate Showdown (Node v20.20.2, x64)
 Config: 5 rounds × 1e+7 iters/round | Order: Shuffled
====================================================================================================

🔥 Warming up JIT compilers... Ready.


 [Round 1/5] Sampling runners... 
 [Round 2/5] Sampling runners... 
 [Round 3/5] Sampling runners... 
 [Round 4/5] Sampling runners... 
 [Round 5/5] Sampling runners... 
 [Completed 5 measurement rounds]             

Rank  Kernel / Target                           Median (iters/s)  Peak (iters/s)  MoE (±%)  Relative
----------------------------------------------------------------------------------------------------
  1.  limb16_pipeline_imul_all                          238.69 M        238.72 M     ±0.1%  baseline
  2.  limb16_pipeline_imul_lo_smi                       238.62 M        238.71 M     ±0.1%     1.00x
  3.  limb16_parallel_imul_lo_smi                       238.57 M        238.74 M     ±0.2%     1.00x
  4.  limb16_pipeline_imul_cached                       238.56 M        238.67 M     ±0.1%     1.00x
  5.  limb16_parallel_imul_cached_smi                   238.43 M        238.71 M     ±2.0%     1.00x
  6.  limb16_pipeline_imul_lo                           238.41 M        238.68 M     ±0.1%     1.00x
  7.  float64_corrected                                 238.38 M        238.70 M     ±2.1%     1.00x
  8.  limb16_pipeline_imul_cached_smi                   238.24 M        238.44 M     ±0.7%     1.00x
  9.  limb16_parallel_imul_all                          238.16 M        238.57 M     ±8.4%     1.00x
 10.  limb16_pipeline_imul_all_smi                      238.15 M        238.52 M     ±0.7%     1.00x
 11.  limb16_parallel_imul_lo                           238.03 M        238.65 M     ±0.6%     1.00x
 12.  limb16_parallel_imul_all_smi                      238.01 M        238.63 M     ±7.5%     1.00x
 13.  limb16_parallel_imul_cached                       236.10 M        238.61 M     ±0.8%     0.99x
 14.  limb16_pipeline_imul_import                       233.39 M        238.49 M     ±2.1%     0.98x
 15.  limb16_float48_imul_lo                            175.11 M        178.11 M     ±5.9%     0.73x
 16.  limb16_parallel_bitwise_lo                        151.42 M        151.65 M     ±1.2%     0.63x
 17.  limb16_pipeline_bitwise_lo                        139.42 M        140.06 M     ±0.5%     0.58x
 18.  limb16_float48_bitwise_lo                          56.64 M         56.95 M     ±1.4%     0.24x
 19.  bigint_as_uint64_imul_lo                           24.12 M         24.20 M     ±0.6%     0.10x
 20.  bigint_hi                                          22.70 M         24.11 M     ±3.0%     0.10x
 21.  bigint_as_uintn_module_const                       13.13 M         13.14 M     ±0.9%     0.06x
 22.  bigint_as_uintn_literal                            13.12 M         13.17 M     ±0.6%     0.05x
 23.  bigint_as_uintn_local_const                        13.10 M         13.23 M     ±1.7%     0.05x
 24.  bigint_as_uint32                                    6.26 M          6.28 M     ±0.8%     0.03x
 25.  bigint_literal_mask                                 5.64 M          5.67 M     ±2.4%     0.02x
----------------------------------------------------------------------------------------------------
🏆 Winner: limb16_pipeline_imul_all (238.69 M iters/s)


[Done] exited with code=0 in 39.599 seconds

[Running] node "/Stuff/GSoC/intx/src/u32/wmul/candidates/showdown.js"

====================================================================================================
 u32.wmul: Grand Candidate Showdown (Node v22.22.1, x64)
 Config: 5 rounds × 1e+7 iters/round | Order: Shuffled
====================================================================================================

🔥 Warming up JIT compilers... Ready.


 [Round 1/5] Sampling runners... 
 [Round 2/5] Sampling runners... 
 [Round 3/5] Sampling runners... 
 [Round 4/5] Sampling runners... 
 [Round 5/5] Sampling runners... 
 [Completed 5 measurement rounds]             

Rank  Kernel / Target                           Median (iters/s)  Peak (iters/s)  MoE (±%)  Relative
----------------------------------------------------------------------------------------------------
  1.  limb16_pipeline_imul_import                       278.29 M        278.72 M    ±28.5%  baseline
  2.  limb16_pipeline_imul_all                          277.76 M        281.97 M     ±0.7%     1.00x
  3.  limb16_parallel_imul_all_smi                      277.49 M        280.91 M     ±0.9%     1.00x
  4.  limb16_pipeline_imul_cached_smi                   277.37 M        277.68 M     ±0.7%     1.00x
  5.  limb16_pipeline_imul_lo                           277.35 M        277.72 M     ±1.9%     1.00x
  6.  limb16_parallel_imul_cached_smi                   277.14 M        277.82 M     ±0.2%     1.00x
  7.  limb16_parallel_imul_cached                       277.04 M        277.45 M     ±2.8%     1.00x
  8.  limb16_parallel_imul_all                          276.97 M        277.25 M     ±5.1%     1.00x
  9.  limb16_parallel_imul_lo_smi                       276.85 M        277.22 M     ±6.5%     0.99x
 10.  limb16_pipeline_imul_cached                       276.65 M        277.41 M    ±14.3%     0.99x
 11.  limb16_pipeline_imul_lo_smi                       276.64 M        277.56 M     ±0.2%     0.99x
 12.  limb16_parallel_imul_lo                           276.59 M        277.17 M     ±0.9%     0.99x
 13.  limb16_pipeline_imul_all_smi                      274.74 M        277.52 M     ±1.3%     0.99x
 14.  float64_corrected                                 264.85 M        265.25 M     ±0.2%     0.95x
 15.  limb16_float48_imul_lo                            193.52 M        193.77 M     ±4.5%     0.70x
 16.  limb16_pipeline_bitwise_lo                        157.11 M        157.27 M     ±5.5%     0.56x
 17.  limb16_parallel_bitwise_lo                        151.25 M        151.42 M     ±8.9%     0.54x
 18.  limb16_float48_bitwise_lo                          57.44 M         57.66 M     ±0.7%     0.21x
 19.  bigint_hi                                          20.99 M         21.67 M     ±4.5%     0.08x
 20.  bigint_as_uint64_imul_lo                           20.74 M         20.97 M     ±1.1%     0.07x
 21.  bigint_as_uintn_local_const                        12.60 M         12.64 M     ±0.6%     0.05x
 22.  bigint_as_uintn_literal                            12.58 M         13.00 M     ±2.0%     0.05x
 23.  bigint_as_uintn_module_const                       12.56 M         12.96 M     ±1.7%     0.05x
 24.  bigint_as_uint32                                    5.92 M          5.96 M     ±1.2%     0.02x
 25.  bigint_literal_mask                                 5.32 M          5.48 M     ±1.5%     0.02x
----------------------------------------------------------------------------------------------------
🏆 Winner: limb16_pipeline_imul_import (278.29 M iters/s)


[Done] exited with code=0 in 41.24 seconds

[Running] node "/Stuff/GSoC/intx/src/u32/wmul/candidates/showdown.js"

====================================================================================================
 u32.wmul: Grand Candidate Showdown (Node v24.19.0, x64)
 Config: 5 rounds × 1e+7 iters/round | Order: Shuffled
====================================================================================================

🔥 Warming up JIT compilers... Ready.


 [Round 1/5] Sampling runners... 
 [Round 2/5] Sampling runners... 
 [Round 3/5] Sampling runners... 
 [Round 4/5] Sampling runners... 
 [Round 5/5] Sampling runners... 
 [Completed 5 measurement rounds]             

Rank  Kernel / Target                           Median (iters/s)  Peak (iters/s)  MoE (±%)  Relative
----------------------------------------------------------------------------------------------------
  1.  limb16_pipeline_imul_import                       278.30 M        278.58 M     ±1.0%  baseline
  2.  limb16_pipeline_imul_all_smi                      277.55 M        278.15 M    ±11.2%     1.00x
  3.  limb16_pipeline_imul_cached                       277.44 M        277.92 M     ±3.1%     1.00x
  4.  limb16_parallel_imul_cached_smi                   277.40 M        277.74 M     ±1.2%     1.00x
  5.  limb16_parallel_imul_all                          277.39 M        277.59 M     ±2.6%     1.00x
  6.  limb16_parallel_imul_lo                           276.96 M        277.40 M     ±6.3%     1.00x
  7.  limb16_parallel_imul_lo_smi                       276.90 M        277.41 M     ±0.2%     0.99x
  8.  limb16_pipeline_imul_all                          276.62 M        277.77 M     ±1.8%     0.99x
  9.  limb16_pipeline_imul_lo_smi                       276.61 M        277.25 M     ±3.4%     0.99x
 10.  limb16_parallel_imul_cached                       275.16 M        276.84 M     ±6.0%     0.99x
 11.  limb16_pipeline_imul_lo                           274.79 M        277.09 M     ±4.9%     0.99x
 12.  limb16_pipeline_imul_cached_smi                   274.78 M        277.72 M     ±0.7%     0.99x
 13.  limb16_parallel_imul_all_smi                      271.78 M        276.95 M     ±5.7%     0.98x
 14.  float64_corrected                                 257.61 M        259.49 M     ±1.1%     0.93x
 15.  limb16_float48_imul_lo                            190.84 M        191.14 M     ±2.7%     0.69x
 16.  limb16_pipeline_bitwise_lo                        156.76 M        157.54 M     ±3.1%     0.56x
 17.  limb16_parallel_bitwise_lo                        151.69 M        151.82 M     ±2.8%     0.55x
 18.  limb16_float48_bitwise_lo                          56.32 M         57.66 M     ±2.3%     0.20x
 19.  bigint_hi                                          21.12 M         21.96 M     ±2.3%     0.08x
 20.  bigint_as_uint64_imul_lo                           21.06 M         22.02 M     ±2.3%     0.08x
 21.  bigint_as_uintn_local_const                        12.77 M         13.37 M     ±2.3%     0.05x
 22.  bigint_as_uintn_literal                            12.74 M         13.17 M     ±7.0%     0.05x
 23.  bigint_as_uintn_module_const                       12.68 M         13.40 M     ±6.4%     0.05x
 24.  bigint_as_uint32                                    5.80 M          6.02 M     ±6.1%     0.02x
 25.  bigint_literal_mask                                 5.24 M          5.37 M     ±5.5%     0.02x
----------------------------------------------------------------------------------------------------
🏆 Winner: limb16_pipeline_imul_import (278.30 M iters/s)


[Done] exited with code=0 in 41.665 seconds

[Running] node "/Stuff/GSoC/intx/src/u32/wmul/candidates/showdown.js"

====================================================================================================
 u32.wmul: Grand Candidate Showdown (Node v26.4.0, x64)
 Config: 5 rounds × 1e+7 iters/round | Order: Shuffled
====================================================================================================

🔥 Warming up JIT compilers... Ready.


 [Round 1/5] Sampling runners... 
 [Round 2/5] Sampling runners... 
 [Round 3/5] Sampling runners... 
 [Round 4/5] Sampling runners... 
 [Round 5/5] Sampling runners... 
 [Completed 5 measurement rounds]             

Rank  Kernel / Target                           Median (iters/s)  Peak (iters/s)  MoE (±%)  Relative
----------------------------------------------------------------------------------------------------
  1.  limb16_pipeline_imul_import                       278.39 M        278.51 M    ±33.7%  baseline
  2.  limb16_pipeline_imul_all_smi                      277.39 M        277.89 M     ±6.6%     1.00x
  3.  limb16_parallel_imul_all_smi                      277.38 M        281.19 M     ±0.7%     1.00x
  4.  limb16_parallel_imul_lo_smi                       277.36 M        280.93 M     ±1.9%     1.00x
  5.  limb16_parallel_imul_all                          277.26 M        277.71 M     ±5.2%     1.00x
  6.  limb16_parallel_imul_cached_smi                   277.15 M        277.33 M     ±1.4%     1.00x
  7.  limb16_pipeline_imul_cached                       277.11 M        277.51 M     ±7.4%     1.00x
  8.  limb16_parallel_imul_lo                           277.09 M        277.60 M     ±3.2%     1.00x
  9.  limb16_parallel_imul_cached                       277.04 M        277.49 M     ±6.2%     1.00x
 10.  limb16_pipeline_imul_lo                           277.00 M        277.59 M    ±20.9%     1.00x
 11.  limb16_pipeline_imul_all                          276.71 M        277.88 M     ±5.2%     0.99x
 12.  limb16_pipeline_imul_lo_smi                       276.56 M        277.62 M    ±27.2%     0.99x
 13.  limb16_pipeline_imul_cached_smi                   276.03 M        277.54 M    ±24.4%     0.99x
 14.  float64_corrected                                 264.21 M        268.29 M     ±2.5%     0.95x
 15.  limb16_pipeline_bitwise_lo                        156.99 M        157.16 M     ±0.2%     0.56x
 16.  limb16_parallel_bitwise_lo                        150.48 M        151.79 M     ±3.2%     0.54x
 17.  limb16_float48_imul_lo                            103.43 M        106.49 M     ±7.3%     0.37x
 18.  limb16_float48_bitwise_lo                          55.54 M         56.69 M     ±1.5%     0.20x
 19.  bigint_hi                                          20.71 M         21.35 M     ±2.8%     0.07x
 20.  bigint_as_uint64_imul_lo                           20.63 M         21.34 M     ±1.9%     0.07x
 21.  bigint_as_uintn_local_const                        12.39 M         12.89 M     ±5.0%     0.04x
 22.  bigint_as_uintn_module_const                       12.29 M         12.67 M     ±4.0%     0.04x
 23.  bigint_as_uintn_literal                            12.22 M         12.73 M     ±2.4%     0.04x
 24.  bigint_as_uint32                                    6.02 M          6.19 M     ±5.3%     0.02x
 25.  bigint_literal_mask                                 5.52 M          5.72 M     ±4.6%     0.02x
----------------------------------------------------------------------------------------------------
🏆 Winner: limb16_pipeline_imul_import (278.39 M iters/s)


[Done] exited with code=0 in 41.272 seconds

[Info] After `const r = [0, 0];` in `createWmulRunner`

[Running] node "/Stuff/GSoC/intx/src/u32/wmul/candidates/showdown.js"

====================================================================================================
 u32.wmul: Grand Candidate Showdown (Node v26.4.0, x64)
 Config: 5 rounds × 1e+7 iters/round | Order: Shuffled
====================================================================================================

🔥 Warming up JIT compilers... Ready.


 [Round 1/5] Sampling runners... 
 [Round 2/5] Sampling runners... 
 [Round 3/5] Sampling runners... 
 [Round 4/5] Sampling runners... 
 [Round 5/5] Sampling runners... 
 [Completed 5 measurement rounds]             

Rank  Kernel / Target                           Median (iters/s)  Peak (iters/s)  MoE (±%)  Relative
----------------------------------------------------------------------------------------------------
  1.  float64_corrected                                 240.38 M        240.66 M     ±0.2%  baseline
  2.  limb16_pipeline_imul_lo_smi                       227.01 M        227.19 M     ±1.2%     0.94x
  3.  limb16_parallel_imul_all_smi                      225.68 M        226.10 M     ±5.3%     0.94x
  4.  limb16_parallel_imul_cached_smi                   220.48 M        224.31 M     ±1.4%     0.92x
  5.  limb16_pipeline_imul_cached_smi                   218.07 M        219.13 M     ±1.1%     0.91x
  6.  limb16_parallel_imul_lo_smi                       218.02 M        226.67 M    ±12.9%     0.91x
  7.  limb16_pipeline_imul_all_smi                      216.03 M        221.78 M     ±1.7%     0.90x
  8.  limb16_pipeline_imul_cached                       195.87 M        198.92 M     ±2.6%     0.81x
  9.  limb16_parallel_imul_all                          195.09 M        195.53 M     ±5.5%     0.81x
 10.  limb16_parallel_imul_lo                           193.51 M        198.32 M     ±2.0%     0.81x
 11.  limb16_pipeline_imul_all                          191.28 M        198.35 M     ±4.9%     0.80x
 12.  limb16_pipeline_imul_lo                           190.57 M        195.24 M     ±5.1%     0.79x
 13.  limb16_parallel_imul_cached                       188.35 M        194.68 M     ±2.3%     0.78x
 14.  limb16_pipeline_imul_import                        99.94 M        103.29 M    ±57.5%     0.42x
 15.  limb16_parallel_bitwise_lo                         73.96 M         75.46 M     ±1.5%     0.31x
 16.  limb16_pipeline_bitwise_lo                         73.13 M         74.25 M     ±1.5%     0.30x
 17.  limb16_float48_imul_lo                             68.82 M         69.38 M     ±0.5%     0.29x
 18.  limb16_float48_bitwise_lo                          38.37 M         39.09 M     ±1.9%     0.16x
 19.  bigint_as_uint64_imul_lo                           20.40 M         20.99 M     ±8.6%     0.08x
 20.  bigint_hi                                          20.23 M         20.97 M     ±8.2%     0.08x
 21.  bigint_as_uintn_module_const                       12.23 M         12.52 M     ±2.8%     0.05x
 22.  bigint_as_uintn_literal                            12.14 M         12.49 M     ±1.4%     0.05x
 23.  bigint_as_uintn_local_const                        12.06 M         12.35 M     ±1.5%     0.05x
 24.  bigint_as_uint32                                    5.85 M          6.12 M     ±2.1%     0.02x
 25.  bigint_literal_mask                                 5.37 M          5.53 M     ±2.4%     0.02x
----------------------------------------------------------------------------------------------------
🏆 Winner: float64_corrected (240.38 M iters/s)


[Done] exited with code=0 in 44.613 seconds

[Running] node "/Stuff/GSoC/intx/src/u32/wmul/candidates/showdown.js"

====================================================================================================
 u32.wmul: Grand Candidate Showdown (Node v24.19.0, x64)
 Config: 5 rounds × 1e+7 iters/round | Order: Shuffled
====================================================================================================

🔥 Warming up JIT compilers... Ready.


 [Round 1/5] Sampling runners... 
 [Round 2/5] Sampling runners... 
 [Round 3/5] Sampling runners... 
 [Round 4/5] Sampling runners... 
 [Round 5/5] Sampling runners... 
 [Completed 5 measurement rounds]             

Rank  Kernel / Target                           Median (iters/s)  Peak (iters/s)  MoE (±%)  Relative
----------------------------------------------------------------------------------------------------
  1.  limb16_parallel_imul_cached_smi                   224.66 M        226.59 M     ±0.9%  baseline
  2.  limb16_pipeline_imul_lo_smi                       224.23 M        224.38 M     ±0.3%     1.00x
  3.  limb16_parallel_imul_lo_smi                       223.95 M        224.41 M     ±0.3%     1.00x
  4.  limb16_parallel_imul_all_smi                      223.32 M        224.73 M     ±6.2%     0.99x
  5.  limb16_pipeline_imul_cached_smi                   221.11 M        223.92 M     ±0.8%     0.98x
  6.  limb16_pipeline_imul_all_smi                      213.84 M        219.45 M     ±1.5%     0.95x
  7.  float64_corrected                                 106.43 M        106.51 M     ±0.2%     0.47x
  8.  limb16_pipeline_imul_import                       102.89 M        103.27 M     ±1.9%     0.46x
  9.  limb16_parallel_imul_cached                       101.62 M        102.15 M     ±6.7%     0.45x
 10.  limb16_parallel_imul_lo                           100.51 M        101.39 M     ±2.0%     0.45x
 11.  limb16_parallel_imul_all                          100.43 M        100.47 M     ±0.6%     0.45x
 12.  limb16_pipeline_imul_lo                           100.31 M        102.07 M     ±2.3%     0.45x
 13.  limb16_pipeline_imul_all                           99.85 M         99.86 M     ±0.4%     0.44x
 14.  limb16_pipeline_imul_cached                        99.58 M        101.77 M     ±1.2%     0.44x
 15.  limb16_float48_imul_lo                             96.98 M         98.23 M     ±2.3%     0.43x
 16.  limb16_parallel_bitwise_lo                         74.96 M         77.47 M     ±5.7%     0.33x
 17.  limb16_pipeline_bitwise_lo                         73.44 M         75.38 M     ±1.4%     0.33x
 18.  limb16_float48_bitwise_lo                          39.97 M         40.65 M     ±4.0%     0.18x
 19.  bigint_as_uint64_imul_lo                           20.51 M         21.18 M     ±1.5%     0.09x
 20.  bigint_hi                                          19.82 M         20.69 M    ±11.0%     0.09x
 21.  bigint_as_uintn_local_const                        12.61 M         13.10 M     ±1.8%     0.06x
 22.  bigint_as_uintn_module_const                       12.61 M         12.74 M    ±15.6%     0.06x
 23.  bigint_as_uintn_literal                            12.57 M         13.07 M     ±2.0%     0.06x
 24.  bigint_as_uint32                                    5.74 M          5.99 M     ±3.2%     0.03x
 25.  bigint_literal_mask                                 5.21 M          5.27 M     ±0.9%     0.02x
----------------------------------------------------------------------------------------------------
🏆 Winner: limb16_parallel_imul_cached_smi (224.66 M iters/s)


[Done] exited with code=0 in 46.12 seconds

[Running] node "/Stuff/GSoC/intx/src/u32/wmul/candidates/showdown.js"

====================================================================================================
 u32.wmul: Grand Candidate Showdown (Node v22.22.1, x64)
 Config: 5 rounds × 1e+7 iters/round | Order: Shuffled
====================================================================================================

🔥 Warming up JIT compilers... Ready.


 [Round 1/5] Sampling runners... 
 [Round 2/5] Sampling runners... 
 [Round 3/5] Sampling runners... 
 [Round 4/5] Sampling runners... 
 [Round 5/5] Sampling runners... 
 [Completed 5 measurement rounds]             

Rank  Kernel / Target                           Median (iters/s)  Peak (iters/s)  MoE (±%)  Relative
----------------------------------------------------------------------------------------------------
  1.  limb16_pipeline_imul_cached_smi                   200.26 M        200.56 M     ±1.9%  baseline
  2.  limb16_pipeline_imul_all_smi                      200.20 M        200.70 M     ±7.4%     1.00x
  3.  limb16_parallel_imul_all_smi                      196.95 M        197.06 M     ±0.5%     0.98x
  4.  limb16_parallel_imul_cached_smi                   196.77 M        197.03 M    ±27.2%     0.98x
  5.  limb16_pipeline_imul_lo_smi                       196.13 M        196.84 M     ±0.2%     0.98x
  6.  limb16_parallel_imul_lo_smi                       195.23 M        197.07 M     ±0.6%     0.97x
  7.  limb16_pipeline_imul_import                       105.76 M        106.39 M     ±6.0%     0.53x
  8.  limb16_parallel_imul_all                          102.12 M        102.29 M     ±0.9%     0.51x
  9.  float64_corrected                                 101.14 M        105.60 M     ±2.4%     0.51x
 10.  limb16_pipeline_imul_cached                       101.09 M        101.42 M     ±1.3%     0.50x
 11.  limb16_parallel_imul_lo                           100.48 M        102.29 M     ±1.2%     0.50x
 12.  limb16_parallel_imul_cached                       100.40 M        102.00 M     ±1.6%     0.50x
 13.  limb16_pipeline_imul_lo                           100.36 M        101.65 M    ±13.3%     0.50x
 14.  limb16_pipeline_imul_all                           99.88 M        101.79 M     ±1.6%     0.50x
 15.  limb16_float48_imul_lo                             95.38 M        100.05 M     ±7.6%     0.48x
 16.  limb16_parallel_bitwise_lo                         75.14 M         77.46 M     ±3.4%     0.38x
 17.  limb16_pipeline_bitwise_lo                         72.66 M         72.91 M     ±0.3%     0.36x
 18.  limb16_float48_bitwise_lo                          41.33 M         41.50 M     ±3.5%     0.21x
 19.  bigint_as_uint64_imul_lo                           19.06 M         19.19 M     ±0.8%     0.10x
 20.  bigint_hi                                          18.99 M         19.02 M     ±2.4%     0.09x
 21.  bigint_as_uintn_literal                            12.49 M         12.53 M     ±1.1%     0.06x
 22.  bigint_as_uintn_local_const                        12.49 M         12.56 M     ±0.7%     0.06x
 23.  bigint_as_uintn_module_const                       12.44 M         12.51 M     ±2.8%     0.06x
 24.  bigint_as_uint32                                    5.83 M          5.84 M     ±0.4%     0.03x
 25.  bigint_literal_mask                                 5.23 M          5.41 M     ±1.6%     0.03x
----------------------------------------------------------------------------------------------------
🏆 Winner: limb16_pipeline_imul_cached_smi (200.26 M iters/s)


[Done] exited with code=0 in 46.327 seconds

[Running] node "/Stuff/GSoC/intx/src/u32/wmul/candidates/showdown.js"

====================================================================================================
 u32.wmul: Grand Candidate Showdown (Node v20.20.2, x64)
 Config: 5 rounds × 1e+7 iters/round | Order: Shuffled
====================================================================================================

🔥 Warming up JIT compilers... Ready.


 [Round 1/5] Sampling runners... 
 [Round 2/5] Sampling runners... 
 [Round 3/5] Sampling runners... 
 [Round 4/5] Sampling runners... 
 [Round 5/5] Sampling runners... 
 [Completed 5 measurement rounds]             

Rank  Kernel / Target                           Median (iters/s)  Peak (iters/s)  MoE (±%)  Relative
----------------------------------------------------------------------------------------------------
  1.  limb16_pipeline_imul_lo_smi                       183.08 M        183.12 M     ±0.1%  baseline
  2.  limb16_pipeline_imul_all_smi                      183.05 M        183.14 M     ±0.0%     1.00x
  3.  limb16_parallel_imul_cached_smi                   182.82 M        183.14 M     ±5.6%     1.00x
  4.  limb16_pipeline_imul_cached_smi                   182.82 M        183.13 M     ±1.0%     1.00x
  5.  limb16_parallel_imul_lo_smi                       182.80 M        182.95 M     ±0.6%     1.00x
  6.  limb16_parallel_imul_all_smi                      181.33 M        183.02 M     ±7.6%     0.99x
  7.  float64_corrected                                 106.64 M        106.72 M     ±2.3%     0.58x
  8.  limb16_pipeline_imul_import                       100.14 M        101.88 M     ±1.8%     0.55x
  9.  limb16_parallel_imul_all                           97.86 M         97.91 M     ±0.9%     0.53x
 10.  limb16_pipeline_imul_lo                            97.86 M         97.96 M     ±0.1%     0.53x
 11.  limb16_parallel_imul_cached                        97.80 M         97.94 M     ±1.0%     0.53x
 12.  limb16_parallel_imul_lo                            97.66 M         97.90 M     ±6.6%     0.53x
 13.  limb16_pipeline_imul_all                           97.20 M         97.93 M     ±0.9%     0.53x
 14.  limb16_pipeline_imul_cached                        96.57 M         97.93 M     ±7.1%     0.53x
 15.  limb16_float48_imul_lo                             96.45 M         96.52 M     ±1.7%     0.53x
 16.  limb16_parallel_bitwise_lo                         76.05 M         76.08 M     ±0.1%     0.42x
 17.  limb16_pipeline_bitwise_lo                         73.26 M         75.32 M     ±1.5%     0.40x
 18.  limb16_float48_bitwise_lo                          40.95 M         41.21 M     ±1.7%     0.22x
 19.  bigint_as_uint64_imul_lo                           23.40 M         23.66 M     ±3.1%     0.13x
 20.  bigint_hi                                          22.85 M         22.88 M     ±0.7%     0.12x
 21.  bigint_as_uintn_module_const                       12.83 M         12.86 M     ±0.2%     0.07x
 22.  bigint_as_uintn_local_const                        12.79 M         12.85 M     ±0.5%     0.07x
 23.  bigint_as_uintn_literal                            12.74 M         12.81 M     ±1.7%     0.07x
 24.  bigint_as_uint32                                    6.14 M          6.15 M     ±2.3%     0.03x
 25.  bigint_literal_mask                                 5.51 M          5.53 M     ±0.2%     0.03x
----------------------------------------------------------------------------------------------------
🏆 Winner: limb16_pipeline_imul_lo_smi (183.08 M iters/s)


[Done] exited with code=0 in 44.491 seconds

